step     1  loss 4.0917  induction_acc 0.024
step    50  loss 3.9159  induction_acc 0.022
step   100  loss 3.9165  induction_acc 0.016
step   150  loss 3.9145  induction_acc 0.025
step   200  loss 3.9144  induction_acc 0.017
step   250  loss 3.9149  induction_acc 0.020
step   300  loss 3.9145  induction_acc 0.021
step   350  loss 3.9126  induction_acc 0.021
step   400  loss 3.9130  induction_acc 0.018
step   450  loss 3.9122  induction_acc 0.022
step   500  loss 3.9136  induction_acc 0.016
step   550  loss nan  induction_acc 0.024
step   600  loss nan  induction_acc 0.020
step   650  loss nan  induction_acc 0.016
step   700  loss nan  induction_acc 0.020
step   750  loss nan  induction_acc 0.029
step   800  loss nan  induction_acc 0.023
step   850  loss nan  induction_acc 0.019
step   900  loss nan  induction_acc 0.018
step   950  loss nan  induction_acc 0.021
